import scala.collection.immutable
object Bar { immutable.Seq.empty[Int] }