import scala.collection.immutable
object Versions { immutable.Seq.empty[Int] }